// Jest Snapshot v1, https://goo.gl/fbAQLP

exports[`Title component renders the title correctly 1`] = `
<h1
  className="title deep-shadow"
>
  Electron Player
</h1>
`;
